

Microchip MPLAB XC8 Assembler V2.31 build 20201012212115 
                                                                                               Wed Dec 23 09:20:23 2020

Microchip MPLAB XC8 C Compiler v2.31 (Free license) build 20201012212115 Og1 
     1                           	processor	16F648A
     2                           	pagewidth 120
     3                           	opt	flic
     4                           	psect	cinit,global,class=CODE,merge=1,delta=2
     5                           	psect	bssCOMMON,global,class=COMMON,space=1,delta=1,noexec
     6                           	psect	cstackCOMMON,global,class=COMMON,space=1,delta=1,noexec
     7                           	psect	cstackBANK0,global,class=BANK0,space=1,delta=1,noexec
     8                           	psect	maintext,global,class=CODE,split=1,delta=2
     9                           	psect	text1,local,class=CODE,merge=1,delta=2
    10                           	psect	intentry,global,class=CODE,delta=2
    11                           	psect	config,global,abs,ovrld,class=CONFIG,space=4,delta=2,noexec
    12                           	dabs	1,0x7E,2
    13  0000                     
    14                           ; Version 2.31
    15                           ; Generated 13/10/2020 GMT
    16                           ; 
    17                           ; Copyright © 2020, Microchip Technology Inc. and its subsidiaries ("Microchip")
    18                           ; All rights reserved.
    19                           ; 
    20                           ; This software is developed by Microchip Technology Inc. and its subsidiaries ("Microch
      +                          ip").
    21                           ; 
    22                           ; Redistribution and use in source and binary forms, with or without modification, are
    23                           ; permitted provided that the following conditions are met:
    24                           ; 
    25                           ;     1. Redistributions of source code must retain the above copyright notice, this lis
      +                          t of
    26                           ;        conditions and the following disclaimer.
    27                           ; 
    28                           ;     2. Redistributions in binary form must reproduce the above copyright notice, this 
      +                          list
    29                           ;        of conditions and the following disclaimer in the documentation and/or other
    30                           ;        materials provided with the distribution. Publication is not required when
    31                           ;        this file is used in an embedded application.
    32                           ; 
    33                           ;     3. Microchip's name may not be used to endorse or promote products derived from th
      +                          is
    34                           ;        software without specific prior written permission.
    35                           ; 
    36                           ; THIS SOFTWARE IS PROVIDED BY MICROCHIP "AS IS" AND ANY EXPRESS OR IMPLIED WARRANTIES,
    37                           ; INCLUDING, BUT NOT LIMITED TO, THE IMPLIED WARRANTIES OF MERCHANTABILITY AND FITNESS F
      +                          OR
    38                           ; PURPOSE ARE DISCLAIMED.  IN NO EVENT SHALL MICROCHIP BE LIABLE FOR ANY DIRECT, INDIREC
      +                          T,
    39                           ; INCIDENTAL, SPECIAL, EXEMPLARY, OR CONSEQUENTIAL DAMAGES (INCLUDING BUT NOT LIMITED TO
    40                           ; PROCUREMENT OF SUBSTITUTE GOODS OR SERVICES; LOSS OF USE, DATA OR PROFITS; OR BUSINESS
    41                           ; INTERRUPTION) HOWSOEVER CAUSED AND ON ANY THEORY OF LIABILITY, WHETHER IN CONTRACT, ST
      +                          RICT
    42                           ; LIABILITY, OR TORT (INCLUDING NEGLIGENCE OR OTHERWISE) ARISING IN ANY WAY OUT OF THE U
      +                          SE OF
    43                           ; THIS SOFTWARE, EVEN IF ADVISED OF THE POSSIBILITY OF SUCH DAMAGE.
    44                           ; 
    45                           ; 
    46                           ; Code-generator required, PIC16F648A Definitions
    47                           ; 
    48                           ; SFR Addresses
    49  0000                     	;# 
    50  0001                     	;# 
    51  0002                     	;# 
    52  0003                     	;# 
    53  0004                     	;# 
    54  0005                     	;# 
    55  0006                     	;# 
    56  000A                     	;# 
    57  000B                     	;# 
    58  000C                     	;# 
    59  000E                     	;# 
    60  000E                     	;# 
    61  000F                     	;# 
    62  0010                     	;# 
    63  0011                     	;# 
    64  0012                     	;# 
    65  0015                     	;# 
    66  0015                     	;# 
    67  0016                     	;# 
    68  0017                     	;# 
    69  0018                     	;# 
    70  0019                     	;# 
    71  001A                     	;# 
    72  001F                     	;# 
    73  0081                     	;# 
    74  0085                     	;# 
    75  0086                     	;# 
    76  008C                     	;# 
    77  008E                     	;# 
    78  0092                     	;# 
    79  0098                     	;# 
    80  0099                     	;# 
    81  009A                     	;# 
    82  009B                     	;# 
    83  009C                     	;# 
    84  009D                     	;# 
    85  009F                     	;# 
    86  0000                     	;# 
    87  0001                     	;# 
    88  0002                     	;# 
    89  0003                     	;# 
    90  0004                     	;# 
    91  0005                     	;# 
    92  0006                     	;# 
    93  000A                     	;# 
    94  000B                     	;# 
    95  000C                     	;# 
    96  000E                     	;# 
    97  000E                     	;# 
    98  000F                     	;# 
    99  0010                     	;# 
   100  0011                     	;# 
   101  0012                     	;# 
   102  0015                     	;# 
   103  0015                     	;# 
   104  0016                     	;# 
   105  0017                     	;# 
   106  0018                     	;# 
   107  0019                     	;# 
   108  001A                     	;# 
   109  001F                     	;# 
   110  0081                     	;# 
   111  0085                     	;# 
   112  0086                     	;# 
   113  008C                     	;# 
   114  008E                     	;# 
   115  0092                     	;# 
   116  0098                     	;# 
   117  0099                     	;# 
   118  009A                     	;# 
   119  009B                     	;# 
   120  009C                     	;# 
   121  009D                     	;# 
   122  009F                     	;# 
   123  000B                     _INTCONbits	set	11
   124  0005                     _PORTA	set	5
   125  001F                     _CMCONbits	set	31
   126  0006                     _PORTB	set	6
   127  0086                     _TRISB	set	134
   128  0085                     _TRISA	set	133
   129  008E                     _PCONbits	set	142
   130                           
   131                           	psect	cinit
   132  000F                     start_initialization:	
   133                           ; #config settings
   134                           
   135  000F                     __initialization:
   136                           
   137                           ; Clear objects allocated to COMMON
   138  000F  01F7               	clrf	__pbssCOMMON& (0+127)
   139  0010                     end_of_initialization:	
   140                           ;End of C runtime variable initialization code
   141                           
   142  0010                     __end_of__initialization:
   143  0010  0183               	clrf	3
   144  0011  118A  28DE         	ljmp	_main	;jump to C main() function
   145                           
   146                           	psect	bssCOMMON
   147  0077                     __pbssCOMMON:
   148  0077                     _g_portaBuffer:
   149  0077                     	ds	1
   150                           
   151                           	psect	cstackCOMMON
   152  0070                     __pcstackCOMMON:
   153  0070                     ?_main:
   154  0070                     ?_PORTB_Handler:	
   155                           ; 1 bytes @ 0x0
   156                           
   157  0070                     ??_PORTB_Handler:	
   158                           ; 1 bytes @ 0x0
   159                           
   160                           
   161                           ; 1 bytes @ 0x0
   162  0070                     	ds	5
   163  0075                     PORTB_Handler@prev_portaBuffer:
   164                           
   165                           ; 1 bytes @ 0x5
   166  0075                     	ds	1
   167  0076                     PORTB_Handler@tempPortb:
   168                           
   169                           ; 1 bytes @ 0x6
   170  0076                     	ds	1
   171                           
   172                           	psect	cstackBANK0
   173  0020                     __pcstackBANK0:
   174  0020                     ??_main:
   175                           
   176                           ; 1 bytes @ 0x0
   177  0020                     	ds	1
   178                           
   179                           	psect	maintext
   180  00DE                     __pmaintext:	
   181 ;;
   182 ;;Main: autosize = 0, tempsize = 1, incstack = 0, save=0
   183 ;;
   184 ;; *************** function _main *****************
   185 ;; Defined at:
   186 ;;		line 111 in file "src/main.c"
   187 ;; Parameters:    Size  Location     Type
   188 ;;		None
   189 ;; Auto vars:     Size  Location     Type
   190 ;;		None
   191 ;; Return value:  Size  Location     Type
   192 ;;                  1    wreg      void 
   193 ;; Registers used:
   194 ;;		wreg, status,2, status,0
   195 ;; Tracked objects:
   196 ;;		On entry : B00/0
   197 ;;		On exit  : 0/0
   198 ;;		Unchanged: 0/0
   199 ;; Data sizes:     COMMON   BANK0   BANK1   BANK2
   200 ;;      Params:         0       0       0       0
   201 ;;      Locals:         0       0       0       0
   202 ;;      Temps:          0       1       0       0
   203 ;;      Totals:         0       1       0       0
   204 ;;Total ram usage:        1 bytes
   205 ;; Hardware stack levels required when called:    1
   206 ;; This function calls:
   207 ;;		Nothing
   208 ;; This function is called by:
   209 ;;		Startup code after reset
   210 ;; This function uses a non-reentrant model
   211 ;;
   212                           
   213                           
   214                           ;psect for function _main
   215  00DE                     _main:
   216  00DE                     l728:	
   217                           ;incstack = 0
   218                           ; Regs used in _main: [wreg+status,2+status,0]
   219                           
   220                           
   221                           ;main.c: 114: PCONbits.OSCF = 1;
   222  00DE  1683               	bsf	3,5	;RP0=1, select bank1
   223  00DF  1303               	bcf	3,6	;RP1=0, select bank1
   224  00E0  158E               	bsf	14,3	;volatile
   225                           
   226                           ;main.c: 117: CMCONbits.CM0 = 1;
   227  00E1  1283               	bcf	3,5	;RP0=0, select bank0
   228  00E2  1303               	bcf	3,6	;RP1=0, select bank0
   229  00E3  141F               	bsf	31,0	;volatile
   230                           
   231                           ;main.c: 118: CMCONbits.CM1 = 1;
   232  00E4  149F               	bsf	31,1	;volatile
   233                           
   234                           ;main.c: 119: CMCONbits.CM2 = 1;
   235  00E5  151F               	bsf	31,2	;volatile
   236  00E6                     l730:
   237                           
   238                           ;main.c: 125: TRISA = 0x70;
   239  00E6  3070               	movlw	112
   240  00E7  1683               	bsf	3,5	;RP0=1, select bank1
   241  00E8  1303               	bcf	3,6	;RP1=0, select bank1
   242  00E9  0085               	movwf	5	;volatile
   243                           
   244                           ;main.c: 128: TRISB = 0xF0;
   245  00EA  30F0               	movlw	240
   246  00EB  0086               	movwf	6	;volatile
   247  00EC                     l732:
   248                           
   249                           ;main.c: 131: PORTA = 0;
   250  00EC  1283               	bcf	3,5	;RP0=0, select bank0
   251  00ED  1303               	bcf	3,6	;RP1=0, select bank0
   252  00EE  0185               	clrf	5	;volatile
   253  00EF                     l734:
   254                           
   255                           ;main.c: 134: PORTB = 0;
   256  00EF  0186               	clrf	6	;volatile
   257  00F0                     l736:
   258                           
   259                           ;main.c: 137: INTCONbits.RBIE = 1;
   260  00F0  158B               	bsf	11,3	;volatile
   261  00F1                     l738:
   262                           
   263                           ;main.c: 140: (INTCONbits.GIE = 1);
   264  00F1  178B               	bsf	11,7	;volatile
   265  00F2                     l740:
   266                           
   267                           ;main.c: 143: {;main.c: 144: if(PORTA & (1 << 4))
   268  00F2  1E05               	btfss	5,4	;volatile
   269  00F3  28F5               	goto	u61
   270  00F4  28F6               	goto	u60
   271  00F5                     u61:
   272  00F5  28F2               	goto	l740
   273  00F6                     u60:
   274  00F6                     l742:
   275                           
   276                           ;main.c: 145: {;main.c: 146: g_portaBuffer &= ~(1 << 7);
   277  00F6  307F               	movlw	127
   278  00F7  00A0               	movwf	??_main
   279  00F8  0820               	movf	??_main,w
   280  00F9  05F7               	andwf	_g_portaBuffer,f
   281  00FA                     l744:
   282                           
   283                           ;main.c: 147: PORTA = g_portaBuffer;
   284  00FA  0877               	movf	_g_portaBuffer,w
   285  00FB  0085               	movwf	5	;volatile
   286  00FC  28F2               	goto	l740
   287  00FD  118A  280D         	ljmp	start
   288  00FF                     __end_of_main:
   289                           
   290                           	psect	text1
   291  0013                     __ptext1:	
   292 ;; *************** function _PORTB_Handler *****************
   293 ;; Defined at:
   294 ;;		line 153 in file "src/main.c"
   295 ;; Parameters:    Size  Location     Type
   296 ;;		None
   297 ;; Auto vars:     Size  Location     Type
   298 ;;  tempPortb       1    6[COMMON] unsigned char 
   299 ;;  prev_portaBu    1    5[COMMON] unsigned char 
   300 ;; Return value:  Size  Location     Type
   301 ;;                  1    wreg      void 
   302 ;; Registers used:
   303 ;;		wreg, fsr0l, fsr0h, status,2, status,0
   304 ;; Tracked objects:
   305 ;;		On entry : 0/0
   306 ;;		On exit  : 0/0
   307 ;;		Unchanged: 0/0
   308 ;; Data sizes:     COMMON   BANK0   BANK1   BANK2
   309 ;;      Params:         0       0       0       0
   310 ;;      Locals:         2       0       0       0
   311 ;;      Temps:          5       0       0       0
   312 ;;      Totals:         7       0       0       0
   313 ;;Total ram usage:        7 bytes
   314 ;; Hardware stack levels used:    1
   315 ;; This function calls:
   316 ;;		Nothing
   317 ;; This function is called by:
   318 ;;		Interrupt level 1
   319 ;; This function uses a non-reentrant model
   320 ;;
   321                           
   322                           
   323                           ;psect for function _PORTB_Handler
   324  0013                     _PORTB_Handler:
   325  0013                     i1l662:
   326  0013                     i1l664:
   327                           
   328                           ;main.c: 157: if(INTCONbits.RBIE && INTCONbits.RBIF)
   329  0013  1D8B               	btfss	11,3	;volatile
   330  0014  2816               	goto	u2_21
   331  0015  2817               	goto	u2_20
   332  0016                     u2_21:
   333  0016  28D5               	goto	i1l52
   334  0017                     u2_20:
   335  0017                     i1l666:
   336  0017  1C0B               	btfss	11,0	;volatile
   337  0018  281A               	goto	u3_21
   338  0019  281B               	goto	u3_20
   339  001A                     u3_21:
   340  001A  28D5               	goto	i1l52
   341  001B                     u3_20:
   342  001B                     i1l668:
   343                           
   344                           ;main.c: 158: {;main.c: 159: _delay((unsigned long)((50)*(4000000/4000.0)));
   345  001B  3041               	movlw	65
   346  001C  00F1               	movwf	??_PORTB_Handler+1
   347  001D  30EE               	movlw	238
   348  001E  00F0               	movwf	??_PORTB_Handler
   349  001F                     u7_27:
   350  001F  0BF0               	decfsz	??_PORTB_Handler,f
   351  0020  281F               	goto	u7_27
   352  0021  0BF1               	decfsz	??_PORTB_Handler+1,f
   353  0022  281F               	goto	u7_27
   354  0023  0000               	nop
   355  0024                     i1l670:
   356                           
   357                           ;main.c: 161: if((~PORTB & 0xF0) && (~g_portaBuffer & (1 << 7)))
   358  0024  1283               	bcf	3,5	;RP0=0, select bank0
   359  0025  1303               	bcf	3,6	;RP1=0, select bank0
   360  0026  0906               	comf	6,w	;volatile
   361  0027  39F0               	andlw	240
   362  0028  1903               	btfsc	3,2
   363  0029  282B               	goto	u4_21
   364  002A  282C               	goto	u4_20
   365  002B                     u4_21:
   366  002B  28D4               	goto	i1l726
   367  002C                     u4_20:
   368  002C                     i1l672:
   369  002C  0977               	comf	_g_portaBuffer,w
   370  002D  3980               	andlw	128
   371  002E  1903               	btfsc	3,2
   372  002F  2831               	goto	u5_21
   373  0030  2832               	goto	u5_20
   374  0031                     u5_21:
   375  0031  28D4               	goto	i1l726
   376  0032                     u5_20:
   377  0032                     i1l674:
   378  0032                     i1l676:
   379                           
   380                           ;main.c: 167: tempPortb = 0xF0 & PORTB;
   381  0032  0806               	movf	6,w	;volatile
   382  0033  39F0               	andlw	240
   383  0034  00F0               	movwf	??_PORTB_Handler
   384  0035  0870               	movf	??_PORTB_Handler,w
   385  0036  00F6               	movwf	PORTB_Handler@tempPortb
   386                           
   387                           ;main.c: 170: TRISB = 0x0F;
   388  0037  300F               	movlw	15
   389  0038  1683               	bsf	3,5	;RP0=1, select bank1
   390  0039  1303               	bcf	3,6	;RP1=0, select bank1
   391  003A  0086               	movwf	6	;volatile
   392  003B                     i1l678:
   393                           
   394                           ;main.c: 173: PORTB = 0;
   395  003B  1283               	bcf	3,5	;RP0=0, select bank0
   396  003C  1303               	bcf	3,6	;RP1=0, select bank0
   397  003D  0186               	clrf	6	;volatile
   398  003E                     i1l680:
   399                           
   400                           ;main.c: 176: tempPortb |= 0x0F & PORTB;
   401  003E  0806               	movf	6,w	;volatile
   402  003F  390F               	andlw	15
   403  0040  00F0               	movwf	??_PORTB_Handler
   404  0041  0870               	movf	??_PORTB_Handler,w
   405  0042  04F6               	iorwf	PORTB_Handler@tempPortb,f
   406  0043                     i1l682:
   407                           
   408                           ;main.c: 179: TRISB = 0xF0;
   409  0043  30F0               	movlw	240
   410  0044  1683               	bsf	3,5	;RP0=1, select bank1
   411  0045  1303               	bcf	3,6	;RP1=0, select bank1
   412  0046  0086               	movwf	6	;volatile
   413  0047                     i1l684:
   414                           
   415                           ;main.c: 182: PORTB = 0;
   416  0047  1283               	bcf	3,5	;RP0=0, select bank0
   417  0048  1303               	bcf	3,6	;RP1=0, select bank0
   418  0049  0186               	clrf	6	;volatile
   419  004A                     i1l686:
   420                           
   421                           ;main.c: 184: prev_portaBuffer = g_portaBuffer;
   422  004A  0877               	movf	_g_portaBuffer,w
   423  004B  00F0               	movwf	??_PORTB_Handler
   424  004C  0870               	movf	??_PORTB_Handler,w
   425  004D  00F5               	movwf	PORTB_Handler@prev_portaBuffer
   426                           
   427                           ;main.c: 187: switch(tempPortb)
   428  004E  289F               	goto	i1l722
   429  004F                     i1l688:
   430                           
   431                           ;main.c: 190: g_portaBuffer = 0;
   432  004F  01F7               	clrf	_g_portaBuffer
   433                           
   434                           ;main.c: 191: break;
   435  0050  28D1               	goto	i1l35
   436  0051                     i1l36:	
   437                           ;main.c: 192: case 0b11101101:
   438                           
   439                           
   440                           ;main.c: 193: g_portaBuffer = 1;
   441  0051  01F7               	clrf	_g_portaBuffer
   442  0052  0AF7               	incf	_g_portaBuffer,f
   443                           
   444                           ;main.c: 194: break;
   445  0053  28D1               	goto	i1l35
   446  0054                     i1l690:
   447                           
   448                           ;main.c: 196: g_portaBuffer = 2;
   449  0054  3002               	movlw	2
   450  0055  00F0               	movwf	??_PORTB_Handler
   451  0056  0870               	movf	??_PORTB_Handler,w
   452  0057  00F7               	movwf	_g_portaBuffer
   453                           
   454                           ;main.c: 197: break;
   455  0058  28D1               	goto	i1l35
   456  0059                     i1l692:
   457                           
   458                           ;main.c: 199: g_portaBuffer = 3;
   459  0059  3003               	movlw	3
   460  005A  00F0               	movwf	??_PORTB_Handler
   461  005B  0870               	movf	??_PORTB_Handler,w
   462  005C  00F7               	movwf	_g_portaBuffer
   463                           
   464                           ;main.c: 200: break;
   465  005D  28D1               	goto	i1l35
   466  005E                     i1l694:
   467                           
   468                           ;main.c: 202: g_portaBuffer = 4;
   469  005E  3004               	movlw	4
   470  005F  00F0               	movwf	??_PORTB_Handler
   471  0060  0870               	movf	??_PORTB_Handler,w
   472  0061  00F7               	movwf	_g_portaBuffer
   473                           
   474                           ;main.c: 203: break;
   475  0062  28D1               	goto	i1l35
   476  0063                     i1l696:
   477                           
   478                           ;main.c: 205: g_portaBuffer = 5;
   479  0063  3005               	movlw	5
   480  0064  00F0               	movwf	??_PORTB_Handler
   481  0065  0870               	movf	??_PORTB_Handler,w
   482  0066  00F7               	movwf	_g_portaBuffer
   483                           
   484                           ;main.c: 206: break;
   485  0067  28D1               	goto	i1l35
   486  0068                     i1l698:
   487                           
   488                           ;main.c: 208: g_portaBuffer = 6;
   489  0068  3006               	movlw	6
   490  0069  00F0               	movwf	??_PORTB_Handler
   491  006A  0870               	movf	??_PORTB_Handler,w
   492  006B  00F7               	movwf	_g_portaBuffer
   493                           
   494                           ;main.c: 209: break;
   495  006C  28D1               	goto	i1l35
   496  006D                     i1l700:
   497                           
   498                           ;main.c: 211: g_portaBuffer = 7;
   499  006D  3007               	movlw	7
   500  006E  00F0               	movwf	??_PORTB_Handler
   501  006F  0870               	movf	??_PORTB_Handler,w
   502  0070  00F7               	movwf	_g_portaBuffer
   503                           
   504                           ;main.c: 212: break;
   505  0071  28D1               	goto	i1l35
   506  0072                     i1l702:
   507                           
   508                           ;main.c: 214: g_portaBuffer = 8;
   509  0072  3008               	movlw	8
   510  0073  00F0               	movwf	??_PORTB_Handler
   511  0074  0870               	movf	??_PORTB_Handler,w
   512  0075  00F7               	movwf	_g_portaBuffer
   513                           
   514                           ;main.c: 215: break;
   515  0076  28D1               	goto	i1l35
   516  0077                     i1l704:
   517                           
   518                           ;main.c: 217: g_portaBuffer = 9;
   519  0077  3009               	movlw	9
   520  0078  00F0               	movwf	??_PORTB_Handler
   521  0079  0870               	movf	??_PORTB_Handler,w
   522  007A  00F7               	movwf	_g_portaBuffer
   523                           
   524                           ;main.c: 218: break;
   525  007B  28D1               	goto	i1l35
   526  007C                     i1l706:
   527                           
   528                           ;main.c: 220: g_portaBuffer = 10;
   529  007C  300A               	movlw	10
   530  007D  00F0               	movwf	??_PORTB_Handler
   531  007E  0870               	movf	??_PORTB_Handler,w
   532  007F  00F7               	movwf	_g_portaBuffer
   533                           
   534                           ;main.c: 221: break;
   535  0080  28D1               	goto	i1l35
   536  0081                     i1l708:
   537                           
   538                           ;main.c: 223: g_portaBuffer = 11;
   539  0081  300B               	movlw	11
   540  0082  00F0               	movwf	??_PORTB_Handler
   541  0083  0870               	movf	??_PORTB_Handler,w
   542  0084  00F7               	movwf	_g_portaBuffer
   543                           
   544                           ;main.c: 224: break;
   545  0085  28D1               	goto	i1l35
   546  0086                     i1l710:
   547                           
   548                           ;main.c: 226: g_portaBuffer = 12;
   549  0086  300C               	movlw	12
   550  0087  00F0               	movwf	??_PORTB_Handler
   551  0088  0870               	movf	??_PORTB_Handler,w
   552  0089  00F7               	movwf	_g_portaBuffer
   553                           
   554                           ;main.c: 227: break;
   555  008A  28D1               	goto	i1l35
   556  008B                     i1l712:
   557                           
   558                           ;main.c: 229: g_portaBuffer = 13;
   559  008B  300D               	movlw	13
   560  008C  00F0               	movwf	??_PORTB_Handler
   561  008D  0870               	movf	??_PORTB_Handler,w
   562  008E  00F7               	movwf	_g_portaBuffer
   563                           
   564                           ;main.c: 230: break;
   565  008F  28D1               	goto	i1l35
   566  0090                     i1l714:
   567                           
   568                           ;main.c: 232: g_portaBuffer = 14;
   569  0090  300E               	movlw	14
   570  0091  00F0               	movwf	??_PORTB_Handler
   571  0092  0870               	movf	??_PORTB_Handler,w
   572  0093  00F7               	movwf	_g_portaBuffer
   573                           
   574                           ;main.c: 233: break;
   575  0094  28D1               	goto	i1l35
   576  0095                     i1l716:
   577                           
   578                           ;main.c: 235: g_portaBuffer = 15;
   579  0095  300F               	movlw	15
   580  0096  00F0               	movwf	??_PORTB_Handler
   581  0097  0870               	movf	??_PORTB_Handler,w
   582  0098  00F7               	movwf	_g_portaBuffer
   583                           
   584                           ;main.c: 236: break;
   585  0099  28D1               	goto	i1l35
   586  009A                     i1l718:
   587                           
   588                           ;main.c: 239: g_portaBuffer = prev_portaBuffer;
   589  009A  0875               	movf	PORTB_Handler@prev_portaBuffer,w
   590  009B  00F0               	movwf	??_PORTB_Handler
   591  009C  0870               	movf	??_PORTB_Handler,w
   592  009D  00F7               	movwf	_g_portaBuffer
   593                           
   594                           ;main.c: 240: break;
   595  009E  28D1               	goto	i1l35
   596  009F                     i1l722:
   597  009F  0876               	movf	PORTB_Handler@tempPortb,w
   598                           
   599                           ; Switch size 1, requested type "simple"
   600                           ; Number of cases is 16, Range of values is 119 to 238
   601                           ; switch strategies available:
   602                           ; Name         Instructions Cycles
   603                           ; simple_byte           49    25 (average)
   604                           ; direct_byte          250    10 (fixed)
   605                           ; jumptable            263     9 (fixed)
   606                           ;	Chosen strategy is simple_byte
   607  00A0  3A77               	xorlw	119	; case 119
   608  00A1  1903               	skipnz
   609  00A2  2895               	goto	i1l716
   610  00A3  3A0C               	xorlw	12	; case 123
   611  00A4  1903               	skipnz
   612  00A5  2890               	goto	i1l714
   613  00A6  3A06               	xorlw	6	; case 125
   614  00A7  1903               	skipnz
   615  00A8  288B               	goto	i1l712
   616  00A9  3A03               	xorlw	3	; case 126
   617  00AA  1903               	skipnz
   618  00AB  2886               	goto	i1l710
   619  00AC  3AC9               	xorlw	201	; case 183
   620  00AD  1903               	skipnz
   621  00AE  2881               	goto	i1l708
   622  00AF  3A0C               	xorlw	12	; case 187
   623  00B0  1903               	skipnz
   624  00B1  287C               	goto	i1l706
   625  00B2  3A06               	xorlw	6	; case 189
   626  00B3  1903               	skipnz
   627  00B4  2877               	goto	i1l704
   628  00B5  3A03               	xorlw	3	; case 190
   629  00B6  1903               	skipnz
   630  00B7  2872               	goto	i1l702
   631  00B8  3A69               	xorlw	105	; case 215
   632  00B9  1903               	skipnz
   633  00BA  286D               	goto	i1l700
   634  00BB  3A0C               	xorlw	12	; case 219
   635  00BC  1903               	skipnz
   636  00BD  2868               	goto	i1l698
   637  00BE  3A06               	xorlw	6	; case 221
   638  00BF  1903               	skipnz
   639  00C0  2863               	goto	i1l696
   640  00C1  3A03               	xorlw	3	; case 222
   641  00C2  1903               	skipnz
   642  00C3  285E               	goto	i1l694
   643  00C4  3A39               	xorlw	57	; case 231
   644  00C5  1903               	skipnz
   645  00C6  2859               	goto	i1l692
   646  00C7  3A0C               	xorlw	12	; case 235
   647  00C8  1903               	skipnz
   648  00C9  2854               	goto	i1l690
   649  00CA  3A06               	xorlw	6	; case 237
   650  00CB  1903               	skipnz
   651  00CC  2851               	goto	i1l36
   652  00CD  3A03               	xorlw	3	; case 238
   653  00CE  1903               	skipnz
   654  00CF  284F               	goto	i1l688
   655  00D0  289A               	goto	i1l718
   656  00D1                     i1l35:
   657                           
   658                           ;main.c: 243: g_portaBuffer |= (1 << 7);
   659  00D1  17F7               	bsf	_g_portaBuffer,7
   660  00D2                     i1l724:
   661                           
   662                           ;main.c: 246: PORTA = g_portaBuffer;
   663  00D2  0877               	movf	_g_portaBuffer,w
   664  00D3  0085               	movwf	5	;volatile
   665  00D4                     i1l726:
   666                           
   667                           ;main.c: 247: };main.c: 249: INTCONbits.RBIF = 0;
   668  00D4  100B               	bcf	11,0	;volatile
   669  00D5                     i1l52:
   670  00D5  0874               	movf	??_PORTB_Handler+4,w
   671  00D6  008A               	movwf	10
   672  00D7  0873               	movf	??_PORTB_Handler+3,w
   673  00D8  0084               	movwf	4
   674  00D9  0E72               	swapf	??_PORTB_Handler+2,w
   675  00DA  0083               	movwf	3
   676  00DB  0EFE               	swapf	btemp,f
   677  00DC  0E7E               	swapf	btemp,w
   678  00DD  0009               	retfie
   679  00DE                     __end_of_PORTB_Handler:
   680  007E                     btemp	set	126	;btemp
   681  007E                     wtemp0	set	126
   682                           
   683                           	psect	intentry
   684  0004                     __pintentry:	
   685                           ;incstack = 0
   686                           ; Regs used in _PORTB_Handler: [wreg-fsr0h+status,2+status,0]
   687                           
   688  0004                     interrupt_function:
   689  007E                     saved_w	set	btemp
   690  0004  00FE               	movwf	btemp
   691  0005  0E03               	swapf	3,w
   692  0006  00F2               	movwf	??_PORTB_Handler+2
   693  0007  0804               	movf	4,w
   694  0008  00F3               	movwf	??_PORTB_Handler+3
   695  0009  080A               	movf	10,w
   696  000A  00F4               	movwf	??_PORTB_Handler+4
   697  000B  118A  2813         	ljmp	_PORTB_Handler
   698                           
   699                           	psect	config
   700                           
   701                           ;Config register CONFIG @ 0x2007
   702                           ;	Oscillator Selection bits
   703                           ;	FOSC = INTOSCIO, INTOSC oscillator: I/O function on RA6/OSC2/CLKOUT pin, I/O function 
      +                          on RA7/OSC1/CLKIN
   704                           ;	Watchdog Timer Enable bit
   705                           ;	WDTE = OFF, WDT disabled
   706                           ;	Power-up Timer Enable bit
   707                           ;	PWRTE = ON, PWRT enabled
   708                           ;	RA5/MCLR/VPP Pin Function Select bit
   709                           ;	MCLRE = OFF, RA5/MCLR/VPP pin function is digital input, MCLR internally tied to VDD
   710                           ;	Brown-out Detect Enable bit
   711                           ;	BOREN = OFF, BOD disabled
   712                           ;	Low-Voltage Programming Enable bit
   713                           ;	LVP = OFF, RB4/PGM pin has digital I/O function, HV on MCLR must be used for programmi
      +                          ng
   714                           ;	Data EE Memory Code Protection bit
   715                           ;	CPD = OFF, Data memory code protection off
   716                           ;	Flash Program Memory Code Protection bit
   717                           ;	CP = OFF, Code protection off
   718  2007                     	org	8199
   719  2007  3F10               	dw	16144

Data Sizes:
    Strings     0
    Constant    0
    Data        0
    BSS         1
    Persistent  0
    Stack       0

Auto Spaces:
    Space          Size  Autos    Used
    COMMON           14      7       8
    BANK0            80      1       1
    BANK1            80      0       0
    BANK2            80      0       0

Pointer List with Targets:

    None.

Critical Paths under _main in COMMON

    None.

Critical Paths under _PORTB_Handler in COMMON

    None.

Critical Paths under _main in BANK0

    None.

Critical Paths under _PORTB_Handler in BANK0

    None.

Critical Paths under _main in BANK1

    None.

Critical Paths under _PORTB_Handler in BANK1

    None.

Critical Paths under _main in BANK2

    None.

Critical Paths under _PORTB_Handler in BANK2

    None.

Call Graph Tables:

 ---------------------------------------------------------------------------------
 (Depth) Function   	        Calls       Base Space   Used Autos Params    Refs
 ---------------------------------------------------------------------------------
 (0) _main                                                 1     1      0       0
                                              0 BANK0      1     1      0
 ---------------------------------------------------------------------------------
 Estimated maximum stack depth 0
 ---------------------------------------------------------------------------------
 (Depth) Function   	        Calls       Base Space   Used Autos Params    Refs
 ---------------------------------------------------------------------------------
 (1) _PORTB_Handler                                        7     7      0      30
                                              0 COMMON     7     7      0
 ---------------------------------------------------------------------------------
 Estimated maximum stack depth 1
 ---------------------------------------------------------------------------------

 Call Graph Graphs:

 _main (ROOT)

 _PORTB_Handler (ROOT)

 Address spaces:
Name               Size   Autos  Total    Cost      Usage
BITCOMMON            E      0       0       0        0.0%
EEDATA             100      0       0       0        0.0%
NULL                 0      0       0       0        0.0%
CODE                 0      0       0       0        0.0%
COMMON               E      7       8       1       57.1%
BITSFR0              0      0       0       1        0.0%
SFR0                 0      0       0       1        0.0%
BITSFR1              0      0       0       2        0.0%
SFR1                 0      0       0       2        0.0%
STACK                0      0       0       2        0.0%
BANK0               50      1       1       3        1.2%
BITBANK1            50      0       0       4        0.0%
BITSFR3              0      0       0       4        0.0%
SFR3                 0      0       0       4        0.0%
BANK1               50      0       0       5        0.0%
BITSFR2              0      0       0       5        0.0%
SFR2                 0      0       0       5        0.0%
BITBANK2            50      0       0       6        0.0%
BANK2               50      0       0       7        0.0%
ABS                  0      0       9       8        0.0%
BITBANK0            50      0       0       9        0.0%
DATA                 0      0       9      10        0.0%


Microchip Technology PIC Macro Assembler V2.31 build 20201012212115 
Symbol Table                                                                                   Wed Dec 23 09:20:23 2020

                           u60 00F6                             u61 00F5                            l730 00E6  
                          l740 00F2                            l732 00EC                            l742 00F6  
                          l734 00EF                            l744 00FA                            l736 00F0  
                          l728 00DE                            l738 00F1                            fsr0 0004  
                         i1l35 00D1                           i1l36 0051                           i1l52 00D5  
                         u2_20 0017                           u2_21 0016                           u3_20 001B  
                         u3_21 001A                           u4_20 002C                           u4_21 002B  
                         u5_20 0032                           u5_21 0031                           u7_27 001F  
                         _main 00DE                           btemp 007E                           start 000D  
                        ?_main 0070                          i1l700 006D                          i1l710 0086  
                        i1l702 0072                          i1l712 008B                          i1l704 0077  
                        i1l714 0090                          i1l706 007C                          i1l722 009F  
                        i1l724 00D2                          i1l716 0095                          i1l708 0081  
                        i1l718 009A                          i1l726 00D4                          i1l670 0024  
                        i1l662 0013                          i1l680 003E                          i1l672 002C  
                        i1l664 0013                          i1l690 0054                          i1l682 0043  
                        i1l674 0032                          i1l666 0017                          i1l692 0059  
                        i1l684 0047                          i1l676 0032                          i1l668 001B  
                        i1l694 005E                          i1l686 004A                          i1l678 003B  
                        i1l696 0063                          i1l688 004F                          i1l698 0068  
                        _PORTA 0005                          _PORTB 0006                          _TRISA 0085  
                        _TRISB 0086                          pclath 000A                          status 0003  
                        wtemp0 007E                __initialization 000F                   __end_of_main 00FF  
                       ??_main 0020                         saved_w 007E          __end_of_PORTB_Handler 00DE  
      __end_of__initialization 0010                 __pcstackCOMMON 0070                     __pmaintext 00DE  
                   __pintentry 0004                      _CMCONbits 001F                        __ptext1 0013  
         end_of_initialization 0010            start_initialization 000F  PORTB_Handler@prev_portaBuffer 0075  
       __size_of_PORTB_Handler 00CB                    __pbssCOMMON 0077                      ___latbits 0001  
                __pcstackBANK0 0020              interrupt_function 0004                  _PORTB_Handler 0013  
                     _PCONbits 008E                 ?_PORTB_Handler 0070                  _g_portaBuffer 0077  
       PORTB_Handler@tempPortb 0076                  __size_of_main 0021                     _INTCONbits 000B  
              ??_PORTB_Handler 0070                       intlevel1 0000  
